10 None 0.946354579813443 16.5 16
20 None 0.9000874278732445 17.2 17
30 75.94090270996094 0.8560822709551227 17.3 28
40 12.676048278808594 0.8142285204175609 18.2 20
50 7.23013973236084 0.7744209942832988 20.1 16
60 3.6601715087890625 0.736559652908221 20.9 14
70 None 0.7005493475733617 19.7 19
80 None 0.6662995813682115 19.1 14
90 5.423477649688721 0.6337242817644086 24.2 18
100 2.851696014404297 0.6027415843082742 24.8 38
110 2.6574904918670654 0.5732736268885887 25.2 24
120 None 0.5452463540625918 27.4 26
130 None 0.5185893309484582 26.9 26
140 1.6944777965545654 0.4932355662165453 29.2 23
150 3.05635404586792 0.46912134373457726 26.5 20
160 1.6764087677001953 0.446186062443672 26.1 23
170 None 0.42437208406280985 25.9 22
180 None 0.4036245882390106 24.9 49
190 0.9645771384239197 0.38389143477919885 34.2 59
200 1.0408225059509277 0.36512303261753626 31.8 48
210 1.5904648303985596 0.3472722151889232 32.7 24
220 None 0.3302941218954743 31.4 18
230 4.365444660186768 0.3141460853680822 45.2 37
240 1.751586675643921 0.2987875242397482 31.6 23
250 1.4286847114562988 0.28417984116121187 33.2 22
260 None 0.2702863258025825 39.5 36
270 1.7260093688964844 0.2570720625972084 33.6 65
280 0.9923597574234009 0.24450384299593592 31.7 52
290 1.2450441122055054 0.23255008201124722 29.8 24
300 None 0.2211807388415433 37.5 40
310 1.646083950996399 0.21036724137609603 37.4 37
320 1.3754873275756836 0.2000824143909432 44.4 26
330 1.0105862617492676 0.1903004112552766 36.6 49
340 None 0.18099664897669618 53.8 97
350 2.1216492652893066 0.17214774642209296 54.5 60
360 1.1473784446716309 0.16373146555890544 34.5 37
370 0.8937958478927612 0.1557266555690826 49.0 49
380 None 0.14811319969530845 54.9 39
390 2.138726234436035 0.14087196468590776 50.2 101
400 0.8920832872390747 0.13398475271138335 50.1 77
410 0.8654773235321045 0.12743425563174798 40.6 43
420 None 0.12120401149972035 66.3 83
430 2.0063538551330566 0.11527836319047392 59.3 76
440 0.9242390394210815 0.10964241905397228 60.0 50
450 1.314152479171753 0.1042820154910064 66.2 73
460 None 0.09918368135888474 51.1 38
470 1.0639162063598633 0.0943346041173244 65.7 62
480 1.0251152515411377 0.08972259762946533 54.9 89
490 1.222482681274414 0.08533607153708872 58.0 87
500 None 0.0811640021330769 55.6 36
510 1.3255527019500732 0.07719590465791494 46.7 64
520 1.3122094869613647 0.07342180695061275 56.1 49
530 0.6294529438018799 0.06983222438783 61.5 89
540 None 0.06641813604822402 51.8 112
550 1.0116819143295288 0.06317096204211972 83.2 88
560 0.9416321516036987 0.06008254194952879 104.9 104
570 None 0.05714511431233153 71.8 62
580 1.4679811000823975 0.0543512971290831 77.0 62
590 0.9198856949806213 0.05169406930342616 63.8 37
600 None 0.04916675299948831 74.4 61
610 1.456268072128296 0.04676299685992172 106.0 123
620 0.754592776298523 0.04447676004441063 85.2 64
630 None 0.04230229704853423 78.6 111
640 1.0502097606658936 0.04023414326483323 66.1 38
650 0.7206474542617798 0.03826710124979409 47.2 25
660 None 0.036396227662238566 83.0 130
670 0.8862704634666443 0.03461682084029365 75.3 39
680 0.8751559257507324 0.032924408985721944 102.5 103
690 None 0.03131473892591842 79.9 30
700 1.8428761959075928 0.029783765425331846 104.2 175
710 1.195202112197876 0.02832764101944931 79.3 110
720 None 0.02694270634579598 103.1 42
730 0.68485027551651 0.02562548094765099 78.9 64
740 0.6461929082870483 0.02437265452736848 85.1 87
750 None 0.023181078627322618 81.2 65
760 0.6903114914894104 0.022047758717570132 107.9 62
770 1.4449777603149414 0.020969846670345987 97.8 161
780 None 0.019944633602480003 103.4 247
790 0.4967414140701294 0.018969543067746772 102.8 137
800 0.8357940912246704 0.018042124582040707 87.4 77
810 None 0.017160047465104442 86.0 125
820 1.0474649667739868 0.01632109498333433 87.1 158
830 0.7757444381713867 0.015523158778943369 99.4 123
840 None 0.01476423357148172 101.1 172
850 0.8821552395820618 0.014042412118399107 81.6 163
860 1.8265557289123535 0.01335588042198471 109.6 159
870 None 0.012702913170639124 104.1 47
880 1.0275501012802124 0.01208186940302195 97.0 113
890 0.7201825380325317 0.011491188384178622 114.3 101
900 None 0.010929385683282892 113.1 37
910 0.6253036260604858 0.01039504944313793 119.6 63
920 0.6586499214172363 0.00998645168764533 76.3 78
930 None 0.00998645168764533 102.0 178
940 1.0018534660339355 0.00998645168764533 103.9 52
950 0.5147226452827454 0.00998645168764533 93.7 87
960 None 0.00998645168764533 77.9 126
970 0.8037872910499573 0.00998645168764533 90.0 150
980 0.5519400238990784 0.00998645168764533 114.5 90
990 None 0.00998645168764533 63.1 63
1000 0.7829731106758118 0.00998645168764533 96.2 87
1010 0.48440879583358765 0.00998645168764533 69.2 69
1020 None 0.00998645168764533 95.7 157
1030 1.5709562301635742 0.00998645168764533 113.7 327
1040 0.6673293709754944 0.00998645168764533 67.9 77
1050 None 0.00998645168764533 82.5 123
1060 0.7036408185958862 0.00998645168764533 76.9 151
1070 0.5246791243553162 0.00998645168764533 84.9 125
1080 None 0.00998645168764533 74.6 60
1090 0.795275092124939 0.00998645168764533 94.0 121
1100 0.727871298789978 0.00998645168764533 98.9 127
1110 None 0.00998645168764533 88.6 175
1120 0.5067862868309021 0.00998645168764533 80.7 46
1130 0.4695453643798828 0.00998645168764533 111.7 160
1140 None 0.00998645168764533 74.5 74
1150 0.7653043270111084 0.00998645168764533 76.5 124
1160 0.36592012643814087 0.00998645168764533 85.9 76
1170 None 0.00998645168764533 79.0 35
1180 0.7759284973144531 0.00998645168764533 77.0 48
1190 0.3511573076248169 0.00998645168764533 88.6 88
1200 None 0.00998645168764533 72.6 90
1210 0.4102902412414551 0.00998645168764533 80.8 63
1220 0.3872019946575165 0.00998645168764533 74.7 72
1230 None 0.00998645168764533 101.9 49
1240 0.6136705875396729 0.00998645168764533 90.6 38
1250 0.2956104874610901 0.00998645168764533 83.5 34
1260 None 0.00998645168764533 103.5 110
1270 0.7328577637672424 0.00998645168764533 84.9 149
1280 0.6286045908927917 0.00998645168764533 98.5 59
1290 None 0.00998645168764533 56.0 73
1300 0.30218616127967834 0.00998645168764533 69.0 51
1310 0.43416088819503784 0.00998645168764533 63.4 59
1320 0.40428316593170166 0.00998645168764533 96.3 70
1330 None 0.00998645168764533 95.7 149
1340 0.5626349449157715 0.00998645168764533 135.9 100
1350 0.43078452348709106 0.00998645168764533 74.9 76
1360 None 0.00998645168764533 70.7 101
1370 0.3617252707481384 0.00998645168764533 102.1 155
1380 0.17614129185676575 0.00998645168764533 102.7 37
1390 None 0.00998645168764533 86.7 133
1400 0.3783511519432068 0.00998645168764533 102.8 108
1410 0.559911847114563 0.00998645168764533 73.5 139
1420 None 0.00998645168764533 130.7 88
1430 0.3047906160354614 0.00998645168764533 114.8 237
1440 0.35730835795402527 0.00998645168764533 76.7 23
1450 None 0.00998645168764533 82.3 49
1460 0.34996530413627625 0.00998645168764533 140.4 184
1470 0.49928927421569824 0.00998645168764533 104.3 124
1480 None 0.00998645168764533 105.7 88
1490 0.20706084370613098 0.00998645168764533 103.3 169
1500 0.16785337030887604 0.00998645168764533 99.1 161
1510 None 0.00998645168764533 79.7 71
1520 0.17976021766662598 0.00998645168764533 71.6 77
1530 0.36967310309410095 0.00998645168764533 69.6 63
1540 None 0.00998645168764533 120.2 271
1550 0.28291553258895874 0.00998645168764533 110.6 89
1560 0.18324680626392365 0.00998645168764533 92.7 65
1570 None 0.00998645168764533 113.8 76
1580 0.34483879804611206 0.00998645168764533 108.3 90
1590 0.24907395243644714 0.00998645168764533 133.4 229
1600 None 0.00998645168764533 127.6 75
1610 0.1647801399230957 0.00998645168764533 92.5 88
1620 0.29475510120391846 0.00998645168764533 91.5 125
1630 None 0.00998645168764533 97.7 123
1640 0.48587697744369507 0.00998645168764533 89.7 85
1650 0.31518298387527466 0.00998645168764533 97.1 77
1660 None 0.00998645168764533 108.4 56
1670 0.21957990527153015 0.00998645168764533 88.6 76
1680 0.15673890709877014 0.00998645168764533 95.8 39
1690 None 0.00998645168764533 128.8 161
1700 0.2962685227394104 0.00998645168764533 95.3 88
1710 0.15291011333465576 0.00998645168764533 93.6 40
1720 None 0.00998645168764533 137.4 149
1730 0.33833572268486023 0.00998645168764533 86.5 62
1740 0.44824522733688354 0.00998645168764533 118.2 134
1750 None 0.00998645168764533 100.7 116
1760 0.283456027507782 0.00998645168764533 79.3 136
1770 0.32745659351348877 0.00998645168764533 100.3 92
1780 None 0.00998645168764533 96.5 112
1790 0.27976110577583313 0.00998645168764533 129.2 51
1800 0.42834722995758057 0.00998645168764533 126.6 127
1810 None 0.00998645168764533 109.5 159
1820 0.22327756881713867 0.00998645168764533 115.3 67
1830 0.22615015506744385 0.00998645168764533 102.5 148
1840 None 0.00998645168764533 115.3 75
1850 0.784311056137085 0.00998645168764533 123.0 262
1860 0.13329675793647766 0.00998645168764533 150.6 237
1870 None 0.00998645168764533 93.1 102
1880 0.3627355098724365 0.00998645168764533 118.1 110
1890 0.17087164521217346 0.00998645168764533 76.4 52
1900 None 0.00998645168764533 109.3 88
1910 0.12384098768234253 0.00998645168764533 117.0 92
1920 0.2649725377559662 0.00998645168764533 155.5 102
1930 None 0.00998645168764533 134.5 92
1940 0.28936606645584106 0.00998645168764533 131.9 87
1950 0.19984418153762817 0.00998645168764533 130.8 80
1960 None 0.00998645168764533 138.0 38
1970 0.3413238227367401 0.00998645168764533 115.0 188
1980 0.3736291527748108 0.00998645168764533 135.7 88
1990 None 0.00998645168764533 125.5 67
2000 0.2366005778312683 0.00998645168764533 138.8 191
2010 0.24855723977088928 0.00998645168764533 118.3 110
2020 None 0.00998645168764533 126.5 132
2030 0.3225862383842468 0.00998645168764533 92.4 92
2040 0.1509782075881958 0.00998645168764533 91.6 91
2050 None 0.00998645168764533 115.4 88
2060 0.15069593489170074 0.00998645168764533 120.8 42
2070 0.1513628214597702 0.00998645168764533 114.6 51
2080 None 0.00998645168764533 86.7 124
2090 0.5027034878730774 0.00998645168764533 125.3 111
2100 0.4013417363166809 0.00998645168764533 141.9 131
2110 4.39536714553833 0.00998645168764533 152.0 62
2120 0.4497612714767456 0.00998645168764533 150.3 104
2130 None 0.00998645168764533 104.7 98
2140 0.4170292019844055 0.00998645168764533 115.2 152
2150 0.16561190783977509 0.00998645168764533 153.2 163
2160 None 0.00998645168764533 119.9 190
2170 0.34740331768989563 0.00998645168764533 145.4 40
2180 0.24832817912101746 0.00998645168764533 139.3 144
2190 4.47385311126709 0.00998645168764533 154.9 291
2200 0.26489463448524475 0.00998645168764533 99.9 153
2210 0.3571302592754364 0.00998645168764533 133.0 210
2220 3.1636486053466797 0.00998645168764533 152.5 158
2230 0.37199342250823975 0.00998645168764533 152.1 115
2240 None 0.00998645168764533 100.5 66
2250 0.32727715373039246 0.00998645168764533 125.0 50
2260 0.3128148317337036 0.00998645168764533 101.8 147
2270 None 0.00998645168764533 111.2 308
2280 0.30371665954589844 0.00998645168764533 94.2 77
2290 0.37740421295166016 0.00998645168764533 77.2 159
2300 None 0.00998645168764533 102.4 132
2310 0.3553030490875244 0.00998645168764533 92.6 73
2320 0.399265855550766 0.00998645168764533 111.9 145
2330 None 0.00998645168764533 120.6 83
2340 0.37164032459259033 0.00998645168764533 105.5 51
2350 0.25816676020622253 0.00998645168764533 139.2 118
2360 None 0.00998645168764533 103.8 124
2370 0.39426058530807495 0.00998645168764533 124.2 42
2380 0.23359540104866028 0.00998645168764533 108.3 37
2390 None 0.00998645168764533 90.1 83
2400 0.26962029933929443 0.00998645168764533 77.9 64
2410 1.077420711517334 0.00998645168764533 127.6 122
2420 None 0.00998645168764533 88.3 127
2430 0.4171658754348755 0.00998645168764533 119.6 119
2440 0.3520583212375641 0.00998645168764533 120.2 178
2450 None 0.00998645168764533 94.1 149
2460 0.7774876952171326 0.00998645168764533 97.2 191
2470 0.36994943022727966 0.00998645168764533 120.4 62
2480 None 0.00998645168764533 85.7 114
2490 0.371614933013916 0.00998645168764533 103.9 26
2500 0.30571913719177246 0.00998645168764533 96.1 53
2510 4.882160663604736 0.00998645168764533 149.3 115
2520 0.5020602345466614 0.00998645168764533 141.4 87
2530 0.13211917877197266 0.00998645168764533 92.7 154
2540 None 0.00998645168764533 126.8 38
2550 0.6924281120300293 0.00998645168764533 117.1 193
2560 0.25869572162628174 0.00998645168764533 83.4 52
2570 None 0.00998645168764533 123.9 279
2580 0.5417044758796692 0.00998645168764533 179.9 427
2590 None 0.00998645168764533 113.3 208
2600 0.3170416057109833 0.00998645168764533 143.3 115
2610 0.2659286856651306 0.00998645168764533 83.0 29
2620 None 0.00998645168764533 121.4 174
2630 0.45271483063697815 0.00998645168764533 102.6 247
2640 0.218849778175354 0.00998645168764533 121.4 66
2650 None 0.00998645168764533 75.1 133
2660 0.3747987449169159 0.00998645168764533 93.5 60
2670 0.3197000026702881 0.00998645168764533 88.7 101
2680 None 0.00998645168764533 102.6 64
2690 0.42952102422714233 0.00998645168764533 113.9 119
2700 0.4076690375804901 0.00998645168764533 120.2 75
2710 None 0.00998645168764533 117.7 97
2720 0.48090752959251404 0.00998645168764533 110.1 174
2730 0.39804545044898987 0.00998645168764533 111.4 280
2740 None 0.00998645168764533 141.6 166
2750 0.373008668422699 0.00998645168764533 81.5 29
2760 0.2957899570465088 0.00998645168764533 107.7 217
2770 None 0.00998645168764533 133.3 104
2780 0.5037062764167786 0.00998645168764533 133.4 74
2790 0.20810551941394806 0.00998645168764533 129.4 127
2800 None 0.00998645168764533 128.9 27
2810 0.34985750913619995 0.00998645168764533 106.7 151
2820 0.23382963240146637 0.00998645168764533 112.7 127
2830 None 0.00998645168764533 133.4 77
2840 0.664982795715332 0.00998645168764533 113.4 77
2850 0.3067147135734558 0.00998645168764533 186.6 91
2860 None 0.00998645168764533 77.7 64
2870 0.9208354949951172 0.00998645168764533 139.7 258
2880 0.6565968990325928 0.00998645168764533 114.7 125
2890 None 0.00998645168764533 112.7 89
2900 0.3998505473136902 0.00998645168764533 97.4 99
2910 0.5572182536125183 0.00998645168764533 107.0 110
2920 None 0.00998645168764533 127.3 100
2930 0.44707074761390686 0.00998645168764533 143.5 112
2940 0.4608488082885742 0.00998645168764533 131.6 224
2950 None 0.00998645168764533 138.6 87
2960 0.6149781346321106 0.00998645168764533 101.9 118
2970 0.28535857796669006 0.00998645168764533 105.4 65
2980 None 0.00998645168764533 105.3 76
2990 0.3089960217475891 0.00998645168764533 97.4 41

